erDiagram

"b" }|--|| "a" : "FOREIGN KEY (b) REFERENCES a(a)"

"a" {
  INTEGER a PK
}
"b" {
  INTEGER b FK
}
